[?25l[?2004h todo — list                     │  #2 Review PR                                
                                                                                
◐ #2   in-progress none  Review     Status:   ◐ in-progress                     
PR  (due -)                         Priority: none                              
○ #1   open     high  Write         Due:      -                                 
report  (due 2026-08-01)                                                        
● #3   done     low   Ship          (no description)                            
release  (due -)                                                                
                                    Subtasks (0/0)                              
↑/↓ nav  enter detail  a add  e     (none yet)                                  
edit  d delete  space advance  s                                                
subtasks  q quit                                                                [11A [K[J[2K[?2004l[?25h[?1002l[?1003l[?1006l